core_cm4.h:1467:22:NVIC_EnableIRQ	16	static
core_cm4.h:1508:22:NVIC_SetPendingIRQ	16	static
core_cm4.h:1520:22:NVIC_ClearPendingIRQ	16	static
core_cm4.h:1550:22:NVIC_SetPriority	16	static
freertos_examples_10_to_16.c:66:13:prvSetupHardware	8	static
freertos_examples_10_to_16.c:1259:13:vTask1	16	static
freertos_examples_10_to_16.c:1277:13:vTask2	24	static
freertos_examples_10_to_16.c:1331:13:vTask3	32	static
freertos_examples_10_to_16.c:1379:13:prvSetupSoftwareInterrupt	8	static
freertos_examples_10_to_16.c:1390:6:DAC_IRQHandler	16	static
freertos_examples_10_to_16.c:1421:5:main	24	static
