core_cm4.h:1467:22:NVIC_EnableIRQ	16	static
core_cm4.h:1508:22:NVIC_SetPendingIRQ	16	static
core_cm4.h:1520:22:NVIC_ClearPendingIRQ	16	static
core_cm4.h:1550:22:NVIC_SetPriority	16	static
freertos_aplicaciones.c:58:13:prvSetupHardware	8	static
freertos_aplicaciones.c:107:13:vTask1	16	static
freertos_aplicaciones.c:127:13:vTask2	24	static
freertos_aplicaciones.c:163:13:vTask3	32	static
freertos_aplicaciones.c:207:13:prvSetupSoftwareInterrupt	8	static
freertos_aplicaciones.c:218:6:vSoftwareInterruptHandler	16	static
freertos_aplicaciones.c:249:5:main	24	static
